There are 1 stampers
There are 0 sessions
There are 0 streams
There are 0 triggers
when true do #Tjob
